// Jest Snapshot v1, https://goo.gl/fbAQLP

exports[`BulkManagementControls render snapshot - show - network and import buttons 1`] = `
<div
  className="d-flex"
>
  <NetworkButton
    label={
      {
        "defaultMessage": "Download Grades",
        "description": "A labeled button that allows an admin user to download course grades all at once (in bulk).",
        "id": "gradebook.GradesView.BulkManagementControls.bulkManagementLabel",
      }
    }
    onClick={[MockFunction]}
  />
  <ImportGradesButton />
</div>
`;
