// Jest Snapshot v1, https://goo.gl/fbAQLP

exports[`SearchControls Component Snapshots basic snapshot 1`] = `
<div>
  <SearchField
    inputLabel={
      <FormattedMessage
        defaultMessage="Search for a learner"
        description="Text prompting a user to use this functionality to search for a learner"
        id="gradebook.GradesView.search.label"
      />
    }
    onBlur={[MockFunction onBlur]}
    onClear={[MockFunction onClear]}
    onSubmit={[MockFunction onSubmit]}
    value="alice"
  />
  <small
    className="form-text text-muted search-help-text"
  >
    <FormattedMessage
      defaultMessage="Search by username, email, or student key"
      description="A hint explaining the ways a user can search"
      id="gradebook.GradesView.search.hint"
    />
  </small>
</div>
`;
