// Jest Snapshot v1, https://goo.gl/fbAQLP

exports[`StatusAlerts snapshots basic snapshot 1`] = `
<React.Fragment>
  <Alert
    onClose={[MockFunction handleCloseSuccessBanner]}
    show={true}
    variant="success"
  >
    <FormattedMessage
      defaultMessage="The grade has been successfully edited.  You may see a slight delay before updates appear in the Gradebook."
      description="An alert text for successfully editing  a grade"
      id="gradebook.GradesView.editSuccessAlert"
    />
  </Alert>
  <Alert
    dismissible={false}
    show={false}
    variant="danger"
  >
    Assignment grade text
  </Alert>
  <Alert
    onClose={[MockFunction handleCloseSuccessBanner]}
    show={true}
    variant="success"
  >
    <FormattedMessage
      defaultMessage="The grade has been successfully edited.  You may see a slight delay before updates appear in the Gradebook."
      description="An alert text for successfully editing  a grade"
      id="gradebook.GradesView.editSuccessAlert"
    />
  </Alert>
  <Alert
    dismissible={false}
    show={false}
    variant="danger"
  >
    Course grade text
  </Alert>
</React.Fragment>
`;
