// Jest Snapshot v1, https://goo.gl/fbAQLP

exports[`Assignments Component snapshots basic snapshot: allEnabled 1`] = `
<Collapsible
  className="filter-group mb-3"
  defaultOpen={true}
  title="Assignments"
>
  <div>
    <SelectGroup
      disabled={false}
      id="assignment-types"
      label="Assignment Types"
      onChange={[MockFunction handleAssignmentTypeFilterChange]}
      options={
        Array [
          <option
            value=""
          >
            All
          </option>,
          <option
            value="assgn1"
          >
            assgn1
          </option>,
          <option
            value="assgn2"
          >
            assgn2
          </option>,
          <option
            value="assgn3"
          >
            assgn3
          </option>,
        ]
      }
      value="assgnFilterLabel1"
    />
    <SelectGroup
      disabled={false}
      id="assignment"
      label="Assignment"
      onChange={[MockFunction handleAssignmentFilterChange]}
      options={
        Array [
          <option
            value=""
          >
            All
          </option>,
          <option
            value="assgnFilterLabel1"
          >
            assgnFilterLabel1
            : 
            assgnFilterSubLabel1
          </option>,
          <option
            value="assgnFilterLabel2"
          >
            assgnFilterLabel2
            : 
            assgnFilterSubLabel2
          </option>,
        ]
      }
      value="assgn1"
    />
    <form
      className="grade-filter-inputs"
      onSubmit={[MockFunction handleSubmitAssignmentGrade]}
    >
      <PercentGroup
        disabled={false}
        id="assignmentGradeMin"
        label="Min Grade"
        onChange={[MockFunction handleSetAssignmentGradeMin]}
        value="0"
      />
      <PercentGroup
        disabled={false}
        id="assignmentGradeMax"
        label="Max Grade"
        onChange={[MockFunction handleSetAssignmentGradeMax]}
        value="100"
      />
      <div
        className="grade-filter-action"
      >
        <Button
          disabled={false}
          name="assignmentGradeMinMax"
          type="submit"
          variant="outline-secondary"
        >
          Apply
        </Button>
      </div>
    </form>
  </div>
</Collapsible>
`;

exports[`Assignments Component snapshots renders 1`] = `ShallowWrapper {}`;
