// Jest Snapshot v1, https://goo.gl/fbAQLP

exports[`GradeButton component frozen grades snapshot 1`] = `"test-label"`;

exports[`GradeButton component not frozen grades snapshot 1`] = `
<Button
  className="btn-header grade-button"
  onClick={[MockFunction hooks.onClick]}
  variant="link"
>
  test-label
</Button>
`;
