// Jest Snapshot v1, https://goo.gl/fbAQLP

exports[`GradebookTable snapshot 1`] = `
<div
  className="gradebook-container"
>
  <DataTable
    RowStatusComponent={[MockFunction hooks.nullMethod]}
    columns={
      [
        "some",
        "columns",
      ]
    }
    data={
      [
        "some",
        "data",
      ]
    }
    hasFixedColumnWidths={true}
    itemCount={3}
    rowHeaderColumnKey="username"
  >
    <DataTable.TableControlBar />
    <DataTable.Table />
    <DataTable.EmptyTable
      content="empty-table-content"
    />
  </DataTable>
</div>
`;
