// Jest Snapshot v1, https://goo.gl/fbAQLP

exports[`GradebookTable component snapshot - fields1 and 2 between email and totalGrade, mocked rows 1`] = `
<div
  className="gradebook-container"
>
  <DataTable
    RowStatusComponent={[MockFunction this.nullMethod]}
    columns={
      Array [
        Object {
          "Header": <UsernameLabelReplacement />,
          "accessor": "Username",
        },
        Object {
          "Header": <MastersOnlyLabelReplacement
            defaultMessage="Full Name"
            description="Gradebook table full name column header"
            id="gradebook.GradesView.table.headings.fullName"
          />,
          "accessor": "Full Name",
        },
        Object {
          "Header": <MastersOnlyLabelReplacement
            defaultMessage="Email"
            description="Gradebook table email column header"
            id="gradebook.GradesView.table.headings.email"
          />,
          "accessor": "Email",
        },
        Object {
          "Header": "field1",
          "accessor": "field1",
        },
        Object {
          "Header": "field2",
          "accessor": "field2",
        },
        Object {
          "Header": <TotalGradeLabelReplacement />,
          "accessor": "Total Grade (%)",
        },
      ]
    }
    data={
      Array [
        "mappedRow: 1",
        "mappedRow: 2",
        "mappedRow: 3",
      ]
    }
    hasFixedColumnWidths={true}
    itemCount={3}
    rowHeaderColumnKey="username"
  >
    <DataTable.TableControlBar />
    <DataTable.Table />
    <DataTable.EmptyTable
      content="No results found"
    />
  </DataTable>
</div>
`;
