// Jest Snapshot v1, https://goo.gl/fbAQLP

exports[`UsersLabel component snapshot - displays label with number of filtered users out of total 1`] = `
<Fragment>
  Showing 
  <span
    className="font-weight-bold"
  >
    23
  </span>
   of 
  <span
    className="font-weight-bold"
  >
    140
  </span>
   total learners
</Fragment>
`;
