// Jest Snapshot v1, https://goo.gl/fbAQLP

exports[`GradebookFilters render snapshot 1`] = `
<Fragment>
  <div
    className="filter-sidebar-header"
  >
    <h2>
      <Icon
        className="fa fa-filter"
      />
    </h2>
    <IconButton
      alt="Close Filters"
      aria-label="Close Filters"
      className="p-1"
      iconAs="Icon"
      onClick={[MockFunction hook.closeMenu]}
      src="Close"
    />
  </div>
  <Collapsible
    className="filter-group mb-3"
    defaultOpen={true}
    title="Assignments"
  >
    <div>
      <AssignmentTypeFilter
        updateQueryParams={[MockFunction]}
      />
      <AssignmentFilter
        updateQueryParams={[MockFunction]}
      />
      <AssignmentGradeFilter
        updateQueryParams={[MockFunction]}
      />
    </div>
  </Collapsible>
  <Collapsible
    className="filter-group mb-3"
    defaultOpen={true}
    title="Overall Grade"
  >
    <CourseGradeFilter
      updateQueryParams={[MockFunction]}
    />
  </Collapsible>
  <Collapsible
    className="filter-group mb-3"
    defaultOpen={true}
    title="Student Groups"
  >
    <StudentGroupsFilter
      updateQueryParams={[MockFunction]}
    />
  </Collapsible>
  <Collapsible
    className="filter-group mb-3"
    defaultOpen={true}
    title="Include Course Team Members"
  >
    <Form.Checkbox
      checked={true}
      onChange={[MockFunction hook.handleChange]}
    >
      Include Course Team Members
    </Form.Checkbox>
  </Collapsible>
</Fragment>
`;
