// Jest Snapshot v1, https://goo.gl/fbAQLP

exports[`GradebookFilters Component snapshots basic snapshot 1`] = `
<React.Fragment>
  <Collapsible
    className="filter-group mb-3"
    defaultOpen={true}
    title="Assignments"
  >
    <div>
      <Connect(AssignmentTypeFilter)
        updateQueryParams={[MockFunction]}
      />
      <Connect(AssignmentFilter)
        updateQueryParams={[MockFunction]}
      />
      <Connect(AssignmentGradeFilter)
        updateQueryParams={[MockFunction]}
      />
    </div>
  </Collapsible>
  <Collapsible
    className="filter-group mb-3"
    defaultOpen={true}
    title="Overall Grade"
  >
    <Connect(CourseGradeFilter)
      updateQueryParams={[MockFunction]}
    />
  </Collapsible>
  <Collapsible
    className="filter-group mb-3"
    defaultOpen={true}
    title="Student Groups"
  >
    <Connect(StudentGroupsFilter)
      updateQueryParams={[MockFunction]}
    />
  </Collapsible>
  <Collapsible
    className="filter-group mb-3"
    defaultOpen={true}
    title="Include Course Team Members"
  >
    <Checkbox
      checked={true}
      onChange={[MockFunction handleIncludeTeamMembersChange]}
    >
      Include Course Team Members
    </Checkbox>
  </Collapsible>
</React.Fragment>
`;
