// Jest Snapshot v1, https://goo.gl/fbAQLP

exports[`GradebookFilters Component snapshots basic snapshot 1`] = `
<React.Fragment>
  <Collapsible
    className="filter-group mb-3"
    defaultOpen={true}
    title="Assignments"
  >
    <div>
      <Connect(AssignmentTypeFilter)
        updateQueryParams={[MockFunction]}
      />
      <Connect(AssignmentFilter)
        courseId="12345"
        updateQueryParams={[MockFunction]}
      />
      <Connect(AssignmentGradeFilter)
        courseId="12345"
        filterValues={
          Object {
            "assignmentGradeMax": "90",
            "assignmentGradeMin": "10",
            "courseGradeMax": "80",
            "courseGradeMin": "20",
          }
        }
        setFilters={[MockFunction]}
        updateQueryParams={[MockFunction]}
      />
    </div>
  </Collapsible>
  <Collapsible
    className="filter-group mb-3"
    defaultOpen={true}
    title="Overall Grade"
  >
    <Connect(CourseGradeFilter)
      courseId="12345"
      filterValues={
        Object {
          "assignmentGradeMax": "90",
          "assignmentGradeMin": "10",
          "courseGradeMax": "80",
          "courseGradeMin": "20",
        }
      }
      setFilters={[MockFunction]}
      updateQueryParams={[MockFunction]}
    />
  </Collapsible>
  <Collapsible
    className="filter-group mb-3"
    defaultOpen={true}
    title="Student Groups"
  >
    <Connect(StudentGroupsFilter)
      courseId="12345"
      updateQueryParams={[MockFunction]}
    />
  </Collapsible>
  <Collapsible
    className="filter-group mb-3"
    defaultOpen={true}
    title="Include Course Team Members"
  >
    <Checkbox
      checked={true}
      onChange={[MockFunction handleIncludeTeamMembersChange]}
    >
      Include Course Team Members
    </Checkbox>
  </Collapsible>
</React.Fragment>
`;
