// Jest Snapshot v1, https://goo.gl/fbAQLP

exports[`AssignmentFilter component render snapshot 1`] = `
<div
  className="student-filters"
>
  <SelectGroup
    disabled={false}
    id="assignment"
    label="Assignment"
    onChange={[MockFunction]}
    options={
      [
        <option
          value=""
        >
          All
        </option>,
        <option
          value="label1"
        >
          label1
          : 
          sLabel1
        </option>,
        <option
          value="label2"
        >
          label2
          : 
          sLabel2
        </option>,
        <option
          value="label3"
        >
          label3
          : 
          sLabel3
        </option>,
        <option
          value="label4"
        >
          label4
          : 
          sLabel4
        </option>,
      ]
    }
    value="test-label"
  />
</div>
`;
