// Jest Snapshot v1, https://goo.gl/fbAQLP

exports[`ModalHeaders render snapshot 1`] = `
<div>
  <HistoryHeader
    id="assignment"
    label="Assignment"
    value="test-assignment-name"
  />
  <HistoryHeader
    id="student"
    label="Student"
    value="test-user-name"
  />
  <HistoryHeader
    id="original-grade"
    label="Original Grade"
    value="test-original-grade"
  />
  <HistoryHeader
    id="current-grade"
    label="Current Grade"
    value="test-current-grade"
  />
</div>
`;
