// Jest Snapshot v1, https://goo.gl/fbAQLP

exports[`App router component snapshot 1`] = `
<AppProvider
  store="testStore"
>
  <Head />
  <div>
    <Header />
    <main>
      <Component>
        <Route
          element={<GradebookPage />}
          path="/:courseId"
        />
      </Component>
    </main>
    <Footer />
  </div>
</AppProvider>
`;
