// Jest Snapshot v1, https://goo.gl/fbAQLP

exports[`App router component snapshot 1`] = `
<IntlProvider
  locale="en"
>
  <Provider
    store="testStore"
  >
    <BrowserRouter>
      <div>
        <EdxHeader />
        <main>
          <Switch>
            <Route
              component="GradebookPage"
              exact={true}
              path="/:courseId"
            />
          </Switch>
        </main>
        <Footer />
      </div>
    </BrowserRouter>
  </Provider>
</IntlProvider>
`;
