// Jest Snapshot v1, https://goo.gl/fbAQLP

exports[`OverrideTable component render snapshot 1`] = `
<DataTable
  columns="test-columns"
  data={
    [
      {
        "test": "data",
      },
      {
        "andOther": "test-data",
      },
      {
        "adjustedGrade": <AdjustedGradeInput />,
        "date": {
          "formatted": 2000-01-01T00:00:00.000Z,
        },
        "reason": <ReasonInput />,
      },
    ]
  }
  itemCount={2}
/>
`;
