// Jest Snapshot v1, https://goo.gl/fbAQLP

exports[`GradeButton component snapshots grades are frozen 1`] = `"why you gotta label people?"`;

exports[`GradeButton component snapshots grades are not frozen 1`] = `
<Button
  className="btn-header grade-button"
  onClick={[MockFunction this.onClick]}
  variant="link"
>
  why you gotta label people?
</Button>
`;
