// Jest Snapshot v1, https://goo.gl/fbAQLP

exports[`FileUploadForm component snapshot snapshot - loads export form w/ alerts and file input, import btn 1`] = `
<React.Fragment>
  <Form
    action="fakeUrl"
    inline={false}
    method="post"
  >
    <FormGroup
      as="div"
      controlId="csv"
      isInvalid={false}
      isValid={false}
    >
      <ForwardRef
        as="input"
        className="d-none"
        label={
          <FormattedMessage
            defaultMessage="Upload Grade CSV"
            description="Button in BulkManagementTab Alerts"
            id="gradebook.BulkManagementTab.csvUploadLabel"
          />
        }
        onChange={[MockFunction this.handleFileInputChange]}
        plaintext={false}
        type="file"
      />
    </FormGroup>
  </Form>
  <ForwardRef
    active={false}
    disabled={false}
    onClick={[MockFunction this.handleClickImportGrades]}
    variant="primary"
  >
    <FormattedMessage
      defaultMessage="Import Grades"
      description="Button in BulkManagement Tab File Upload Form"
      id="gradebook.BulkManagementTab.importBtnText"
    />
  </ForwardRef>
</React.Fragment>
`;
